[2026-08-18 22:23:09] ================================================================================
[2026-08-18 22:23:09] ARGUS PHASE 3: CROSS-DOMAIN ADAPTATION & EVALUATION
[2026-08-18 22:23:09] ================================================================================
[2026-08-18 22:23:09] [*] Loading frozen Phase 2 feature matrices...
[2026-08-18 22:23:10]     D1 (CICIoT2023): Train=(5491971, 5), Test=(1176851, 5)
[2026-08-18 22:23:14]     D2 (NF-ToN-IoT-v2): Train=(10508704, 5), Test=(2627177, 5), Adapt=(8406962, 5), Calib=(2101742, 5)
[2026-08-18 22:23:15]     D3 (IEC 60870-5-104): Train=(2857812, 5), Test=(714453, 5), Adapt=(2286249, 5), Calib=(571563, 5)
[2026-08-18 22:23:15] 
[*] Computing Domain Distribution Shift Statistics...
[2026-08-18 22:23:17] [+] Domain shift statistics saved.
[2026-08-18 22:23:17] 
[*] Running Experiment D1_D3_BASELINE (Source D1 -> Target D3)...
[2026-08-18 22:31:19] ================================================================================
[2026-08-18 22:31:19] ARGUS PHASE 3: CROSS-DOMAIN ADAPTATION & EVALUATION
[2026-08-18 22:31:19] ================================================================================
[2026-08-18 22:31:19] [*] Loading frozen Phase 2 feature matrices...
[2026-08-18 22:31:20]     D1 (CICIoT2023): Train=(5491971, 5), Test=(1176851, 5)
[2026-08-18 22:31:24]     D2 (NF-ToN-IoT-v2): Train=(10508704, 5), Test=(2627177, 5), Adapt=(8406962, 5), Calib=(2101742, 5)
[2026-08-18 22:31:25]     D3 (IEC 60870-5-104): Train=(2857812, 5), Test=(714453, 5), Adapt=(2286249, 5), Calib=(571563, 5)
[2026-08-18 22:31:25] 
[*] Computing Domain Distribution Shift Statistics...
[2026-08-18 22:31:27] [+] Domain shift statistics saved.
[2026-08-18 22:31:27] 
[*] Running Experiment D1_D3_BASELINE (Source D1 -> Target D3)...
[2026-08-18 22:31:46]     [+] D1_D3_BASELINE Complete. Uncalib F1=0.3697, Calib (θ*=0.63) F1=0.3724
[2026-08-18 22:31:46] 
[*] Running Experiment D2_D3_BASELINE (Source D2 -> Target D3)...
[2026-08-18 22:32:43]     [+] D2_D3_BASELINE Complete. Uncalib F1=0.1091, Calib (θ*=0.01) F1=0.3648
[2026-08-18 22:32:43] 
[*] Running Experiment D1_D3_CORAL (D1 -> D3 with CORAL Alignment)...
[2026-08-18 22:33:05]     [+] D1_D3_CORAL Complete. Uncalib F1=0.3669, Calib (θ*=0.92) F1=0.3709
[2026-08-18 22:33:05] 
[*] Running Experiment D2_D3_CORAL (D2 -> D3 with CORAL Alignment)...
[2026-08-18 22:34:07]     [+] D2_D3_CORAL Complete. Uncalib F1=0.3687, Calib (θ*=0.68) F1=0.3770
[2026-08-18 22:34:07] 
[*] Running Experiment D1_D3_DANN (D1 -> D3 with DANN Adversarial Adaptation)...
[2026-08-18 22:52:18] ================================================================================
[2026-08-18 22:52:18] ARGUS PHASE 3: CROSS-DOMAIN ADAPTATION & EVALUATION
[2026-08-18 22:52:18] ================================================================================
[2026-08-18 22:52:18] [*] Loading frozen Phase 2 feature matrices...
[2026-08-18 22:52:19]     D1 (CICIoT2023): Train=(5491971, 5), Test=(1176851, 5)
[2026-08-18 22:52:23]     D2 (NF-ToN-IoT-v2): Train=(10508704, 5), Test=(2627177, 5), Adapt=(8406962, 5), Calib=(2101742, 5)
[2026-08-18 22:52:24]     D3 (IEC 60870-5-104): Train=(2857812, 5), Test=(714453, 5), Adapt=(2286249, 5), Calib=(571563, 5)
[2026-08-18 22:52:24] 
[*] Computing Domain Distribution Shift Statistics...
[2026-08-18 22:52:25] [+] Domain shift statistics saved.
[2026-08-18 22:52:26] 
[*] Running Experiment D1_D3_BASELINE (Source D1 -> Target D3)...
[2026-08-18 22:52:46]     [+] D1_D3_BASELINE Complete. Uncalib F1=0.3697, Calib (θ*=0.63) F1=0.3724
[2026-08-18 22:52:46] 
[*] Running Experiment D2_D3_BASELINE (Source D2 -> Target D3)...
[2026-08-18 22:53:44]     [+] D2_D3_BASELINE Complete. Uncalib F1=0.1091, Calib (θ*=0.01) F1=0.3648
[2026-08-18 22:53:44] 
[*] Running Experiment D1_D3_CORAL (D1 -> D3 with CORAL Alignment)...
[2026-08-18 22:54:07]     [+] D1_D3_CORAL Complete. Uncalib F1=0.3669, Calib (θ*=0.92) F1=0.3709
[2026-08-18 22:54:07] 
[*] Running Experiment D2_D3_CORAL (D2 -> D3 with CORAL Alignment)...
[2026-08-18 22:55:10]     [+] D2_D3_CORAL Complete. Uncalib F1=0.3687, Calib (θ*=0.68) F1=0.3770
[2026-08-18 22:55:10] 
[*] Running Experiment D1_D3_DANN (D1 -> D3 with DANN Adversarial Adaptation)...
