[2026-08-19 12:36:09] [GLOBAL         ] [START       ] ================================================================================
[2026-08-19 12:36:09] [GLOBAL         ] [START       ] ARGUS PHASE 3: CROSS-DOMAIN ADAPTATION & EVALUATION
[2026-08-19 12:36:09] [GLOBAL         ] [START       ] ================================================================================
[2026-08-19 12:36:09] [GLOBAL         ] [DATA LOADING] Loading frozen Phase 2 D3 Target Matrices...
[2026-08-19 12:36:10] [GLOBAL         ] [DATA LOADING] D3 Target: Train=(2857812, 5), Test=(714453, 5), Adapt=(2286249, 5), Calib=(571563, 5)
[2026-08-19 12:36:10] [D1_D3_BASELINE ] [START       ] Starting D1_D3_BASELINE (Source D1 -> Target D3)...
[2026-08-19 12:36:10] [D1_D3_BASELINE ] [DATA LOADING] Loading D1 source training set...
[2026-08-19 12:36:11] [D1_D3_BASELINE ] [TRAINING    ] Training LightGBM on 5491971 D1 samples...
[2026-08-19 12:36:28] [D1_D3_BASELINE ] [EVALUATION  ] Predicting probabilities on D3 calibration & test sets...
[2026-08-19 12:36:28] [D1_D3_BASELINE ] [CALIBRATION ] Optimizing decision threshold on D3 calibration set...
[2026-08-19 12:36:31] [D1_D3_BASELINE ] [SAVING      ] Artifacts successfully saved for D1_D3_BASELINE
[2026-08-19 12:36:31] [D1_D3_BASELINE ] [COMPLETE    ] Completed D1_D3_BASELINE. Uncalib F1=0.3697, Calib (θ*=0.63) F1=0.3724
[2026-08-19 12:36:31] [D2_D3_BASELINE ] [START       ] Starting D2_D3_BASELINE (Source D2 -> Target D3)...
[2026-08-19 12:36:31] [D2_D3_BASELINE ] [DATA LOADING] Loading D2 source training set...
[2026-08-19 12:36:33] [D2_D3_BASELINE ] [TRAINING    ] Training LightGBM on 10508704 D2 samples...
[2026-08-19 12:37:28] [D2_D3_BASELINE ] [EVALUATION  ] Predicting probabilities on D3 calibration & test sets...
[2026-08-19 12:37:29] [D2_D3_BASELINE ] [CALIBRATION ] Optimizing decision threshold on D3 calibration set...
[2026-08-19 12:37:32] [D2_D3_BASELINE ] [SAVING      ] Artifacts successfully saved for D2_D3_BASELINE
[2026-08-19 12:37:32] [D2_D3_BASELINE ] [COMPLETE    ] Completed D2_D3_BASELINE. Uncalib F1=0.1091, Calib (θ*=0.01) F1=0.3648
[2026-08-19 12:37:32] [D1_D3_CORAL    ] [START       ] Starting D1_D3_CORAL (D1 -> D3 CORAL Alignment)...
[2026-08-19 12:37:32] [D1_D3_CORAL    ] [DATA LOADING] Loading D1 source training data...
[2026-08-19 12:37:33] [D1_D3_CORAL    ] [ADAPTATION  ] Fitting CORAL alignment operator on D1 train vs D3 adaptation set (Zero Leakage Guard)...
[2026-08-19 12:37:33] [D1_D3_CORAL    ] [TRAINING    ] Training LightGBM on aligned D1 features (5491971 samples)...
[2026-08-19 12:37:53] [D1_D3_CORAL    ] [EVALUATION  ] Predicting probabilities on target D3 calibration & test sets...
[2026-08-19 12:37:54] [D1_D3_CORAL    ] [CALIBRATION ] Optimizing threshold on D3 calibration set...
[2026-08-19 12:37:57] [D1_D3_CORAL    ] [SAVING      ] Artifacts successfully saved for D1_D3_CORAL
[2026-08-19 12:37:57] [D1_D3_CORAL    ] [COMPLETE    ] Completed D1_D3_CORAL. Uncalib F1=0.3669, Calib (θ*=0.92) F1=0.3709
[2026-08-19 12:37:57] [D2_D3_CORAL    ] [START       ] Starting D2_D3_CORAL (D2 -> D3 CORAL Alignment)...
[2026-08-19 12:37:57] [D2_D3_CORAL    ] [DATA LOADING] Loading D2 source training data...
[2026-08-19 12:37:59] [D2_D3_CORAL    ] [ADAPTATION  ] Fitting CORAL alignment operator on D2 train vs D3 adaptation set (Zero Leakage Guard)...
[2026-08-19 12:37:59] [D2_D3_CORAL    ] [TRAINING    ] Training LightGBM on aligned D2 features (10508704 samples)...
[2026-08-19 12:39:00] [D2_D3_CORAL    ] [EVALUATION  ] Predicting probabilities on target D3 calibration & test sets...
[2026-08-19 12:39:01] [D2_D3_CORAL    ] [CALIBRATION ] Optimizing threshold on D3 calibration set...
[2026-08-19 12:39:04] [D2_D3_CORAL    ] [SAVING      ] Artifacts successfully saved for D2_D3_CORAL
[2026-08-19 12:39:04] [D2_D3_CORAL    ] [COMPLETE    ] Completed D2_D3_CORAL. Uncalib F1=0.3687, Calib (θ*=0.68) F1=0.3770
[2026-08-19 12:39:04] [D1_D3_DANN     ] [START       ] Starting D1_D3_DANN (D1 -> D3 DANN Adversarial Adaptation)...
[2026-08-19 12:39:04] [D1_D3_DANN     ] [DATA LOADING] Loading D1 source training set...
[2026-08-19 14:01:12] [GLOBAL         ] [START       ] ================================================================================
[2026-08-19 14:01:12] [GLOBAL         ] [START       ] ARGUS PHASE 3: CROSS-DOMAIN ADAPTATION & EVALUATION
[2026-08-19 14:01:12] [GLOBAL         ] [START       ] ================================================================================
[2026-08-19 14:01:12] [GLOBAL         ] [DATA LOADING] Loading frozen Phase 2 D3 Target Matrices...
[2026-08-19 14:01:13] [GLOBAL         ] [DATA LOADING] D3 Target: Train=(2857812, 5), Test=(714453, 5), Adapt=(2286249, 5), Calib=(571563, 5)
[2026-08-19 14:01:13] [D1_D3_BASELINE ] [SKIPPING    ] Experiment D1_D3_BASELINE already completed. Loading saved artifacts...
[2026-08-19 14:01:13] [D2_D3_BASELINE ] [SKIPPING    ] Experiment D2_D3_BASELINE already completed. Loading saved artifacts...
[2026-08-19 14:01:13] [D1_D3_CORAL    ] [SKIPPING    ] Experiment D1_D3_CORAL already completed. Loading saved artifacts...
[2026-08-19 14:01:13] [D2_D3_CORAL    ] [SKIPPING    ] Experiment D2_D3_CORAL already completed. Loading saved artifacts...
[2026-08-19 14:01:13] [D1_D3_DANN     ] [START       ] Starting D1_D3_DANN (D1 -> D3 DANN Adversarial Adaptation)...
[2026-08-19 14:01:13] [D1_D3_DANN     ] [DATA LOADING] Loading D1 source training set...
[2026-08-19 14:02:30] [GLOBAL         ] [START       ] ================================================================================
[2026-08-19 14:02:30] [GLOBAL         ] [START       ] ARGUS PHASE 3: CROSS-DOMAIN ADAPTATION & EVALUATION
[2026-08-19 14:02:30] [GLOBAL         ] [START       ] ================================================================================
[2026-08-19 14:02:30] [GLOBAL         ] [DATA LOADING] Loading frozen Phase 2 D3 Target Matrices...
[2026-08-19 14:02:31] [GLOBAL         ] [DATA LOADING] D3 Target: Train=(2857812, 5), Test=(714453, 5), Adapt=(2286249, 5), Calib=(571563, 5)
[2026-08-19 14:02:31] [D1_D3_BASELINE ] [SKIPPING    ] Experiment D1_D3_BASELINE already completed. Loading saved artifacts...
[2026-08-19 14:02:31] [D2_D3_BASELINE ] [SKIPPING    ] Experiment D2_D3_BASELINE already completed. Loading saved artifacts...
[2026-08-19 14:02:31] [D1_D3_CORAL    ] [SKIPPING    ] Experiment D1_D3_CORAL already completed. Loading saved artifacts...
[2026-08-19 14:02:31] [D2_D3_CORAL    ] [SKIPPING    ] Experiment D2_D3_CORAL already completed. Loading saved artifacts...
[2026-08-19 14:02:31] [D1_D3_DANN     ] [START       ] Starting D1_D3_DANN (D1 -> D3 DANN Adversarial Adaptation)...
[2026-08-19 14:02:31] [D1_D3_DANN     ] [DATA LOADING] Loading D1 source training set...
[2026-08-19 14:03:45] [GLOBAL         ] [START       ] ================================================================================
[2026-08-19 14:03:45] [GLOBAL         ] [START       ] ARGUS PHASE 3: CROSS-DOMAIN ADAPTATION & EVALUATION
[2026-08-19 14:03:45] [GLOBAL         ] [START       ] ================================================================================
[2026-08-19 14:03:45] [GLOBAL         ] [DATA LOADING] Loading frozen Phase 2 D3 Target Matrices...
[2026-08-19 14:03:46] [GLOBAL         ] [DATA LOADING] D3 Target: Train=(2857812, 5), Test=(714453, 5), Adapt=(2286249, 5), Calib=(571563, 5)
[2026-08-19 14:03:46] [D1_D3_BASELINE ] [SKIPPING    ] Experiment D1_D3_BASELINE already completed. Loading saved artifacts...
[2026-08-19 14:03:46] [D2_D3_BASELINE ] [SKIPPING    ] Experiment D2_D3_BASELINE already completed. Loading saved artifacts...
[2026-08-19 14:03:46] [D1_D3_CORAL    ] [SKIPPING    ] Experiment D1_D3_CORAL already completed. Loading saved artifacts...
[2026-08-19 14:03:47] [D2_D3_CORAL    ] [SKIPPING    ] Experiment D2_D3_CORAL already completed. Loading saved artifacts...
[2026-08-19 14:03:47] [D1_D3_DANN     ] [START       ] Starting D1_D3_DANN (D1 -> D3 DANN Adversarial Adaptation)...
[2026-08-19 14:03:47] [D1_D3_DANN     ] [DATA LOADING] Loading D1 source training set...
[2026-08-19 14:39:50] [GLOBAL         ] [START       ] ================================================================================
[2026-08-19 14:39:50] [GLOBAL         ] [START       ] ARGUS PHASE 3: CROSS-DOMAIN ADAPTATION & EVALUATION
[2026-08-19 14:39:50] [GLOBAL         ] [START       ] ================================================================================
[2026-08-19 14:39:50] [GLOBAL         ] [DATA LOADING] Loading frozen Phase 2 D3 Target Matrices...
[2026-08-19 14:39:51] [GLOBAL         ] [DATA LOADING] D3 Target: Train=(2857812, 5), Test=(714453, 5), Adapt=(2286249, 5), Calib=(571563, 5)
[2026-08-19 14:39:51] [D1_D3_BASELINE ] [SKIPPING    ] Experiment D1_D3_BASELINE already completed. Loading saved artifacts...
[2026-08-19 14:39:52] [D2_D3_BASELINE ] [SKIPPING    ] Experiment D2_D3_BASELINE already completed. Loading saved artifacts...
[2026-08-19 14:39:52] [D1_D3_CORAL    ] [SKIPPING    ] Experiment D1_D3_CORAL already completed. Loading saved artifacts...
[2026-08-19 14:39:52] [D2_D3_CORAL    ] [SKIPPING    ] Experiment D2_D3_CORAL already completed. Loading saved artifacts...
[2026-08-19 14:39:52] [D1_D3_DANN     ] [START       ] Starting D1_D3_DANN (D1 -> D3 DANN Adversarial Adaptation)...
[2026-08-19 14:39:52] [D1_D3_DANN     ] [DATA LOADING] Loading D1 source training set...
[2026-08-19 14:41:42] [GLOBAL         ] [START       ] ================================================================================
[2026-08-19 14:41:42] [GLOBAL         ] [START       ] ARGUS PHASE 3: CROSS-DOMAIN ADAPTATION & EVALUATION
[2026-08-19 14:41:42] [GLOBAL         ] [START       ] ================================================================================
[2026-08-19 14:41:42] [GLOBAL         ] [DATA LOADING] Loading frozen Phase 2 D3 Target Matrices...
[2026-08-19 14:41:44] [GLOBAL         ] [DATA LOADING] D3 Target: Train=(2857812, 5), Test=(714453, 5), Adapt=(2286249, 5), Calib=(571563, 5)
[2026-08-19 14:41:44] [D1_D3_BASELINE ] [SKIPPING    ] Experiment D1_D3_BASELINE already completed. Loading saved artifacts...
[2026-08-19 14:41:44] [D2_D3_BASELINE ] [SKIPPING    ] Experiment D2_D3_BASELINE already completed. Loading saved artifacts...
[2026-08-19 14:41:44] [D1_D3_CORAL    ] [SKIPPING    ] Experiment D1_D3_CORAL already completed. Loading saved artifacts...
[2026-08-19 14:41:44] [D2_D3_CORAL    ] [SKIPPING    ] Experiment D2_D3_CORAL already completed. Loading saved artifacts...
[2026-08-19 14:41:45] [D1_D3_DANN     ] [START       ] Starting D1_D3_DANN (D1 -> D3 DANN Adversarial Adaptation)...
[2026-08-19 14:41:45] [D1_D3_DANN     ] [DATA LOADING] Loading D1 source training set...
[2026-08-19 14:45:19] [GLOBAL         ] [START       ] ================================================================================
[2026-08-19 14:45:19] [GLOBAL         ] [START       ] ARGUS PHASE 3: CROSS-DOMAIN ADAPTATION & EVALUATION
[2026-08-19 14:45:19] [GLOBAL         ] [START       ] ================================================================================
[2026-08-19 14:45:19] [GLOBAL         ] [DATA LOADING] Loading frozen Phase 2 D3 Target Matrices...
[2026-08-19 14:45:20] [GLOBAL         ] [DATA LOADING] D3 Target: Train=(2857812, 5), Test=(714453, 5), Adapt=(2286249, 5), Calib=(571563, 5)
[2026-08-19 14:45:20] [D1_D3_BASELINE ] [SKIPPING    ] Experiment D1_D3_BASELINE already completed. Loading saved artifacts...
[2026-08-19 14:45:21] [D2_D3_BASELINE ] [SKIPPING    ] Experiment D2_D3_BASELINE already completed. Loading saved artifacts...
[2026-08-19 14:45:21] [D1_D3_CORAL    ] [SKIPPING    ] Experiment D1_D3_CORAL already completed. Loading saved artifacts...
[2026-08-19 14:45:21] [D2_D3_CORAL    ] [SKIPPING    ] Experiment D2_D3_CORAL already completed. Loading saved artifacts...
[2026-08-19 14:45:21] [D1_D3_DANN     ] [START       ] Starting D1_D3_DANN (D1 -> D3 DANN Adversarial Adaptation)...
[2026-08-19 14:45:21] [D1_D3_DANN     ] [DATA LOADING] Loading D1 source training set...
[2026-08-19 14:46:18] [GLOBAL         ] [START       ] ================================================================================
[2026-08-19 14:46:18] [GLOBAL         ] [START       ] ARGUS PHASE 3: CROSS-DOMAIN ADAPTATION & EVALUATION
[2026-08-19 14:46:18] [GLOBAL         ] [START       ] ================================================================================
[2026-08-19 14:46:18] [GLOBAL         ] [DATA LOADING] Loading frozen Phase 2 D3 Target Matrices...
[2026-08-19 14:46:20] [GLOBAL         ] [DATA LOADING] D3 Target: Train=(2857812, 5), Test=(714453, 5), Adapt=(2286249, 5), Calib=(571563, 5)
[2026-08-19 14:46:20] [D1_D3_BASELINE ] [SKIPPING    ] Experiment D1_D3_BASELINE already completed. Loading saved artifacts...
[2026-08-19 14:46:20] [D2_D3_BASELINE ] [SKIPPING    ] Experiment D2_D3_BASELINE already completed. Loading saved artifacts...
[2026-08-19 14:46:20] [D1_D3_CORAL    ] [SKIPPING    ] Experiment D1_D3_CORAL already completed. Loading saved artifacts...
[2026-08-19 14:46:20] [D2_D3_CORAL    ] [SKIPPING    ] Experiment D2_D3_CORAL already completed. Loading saved artifacts...
[2026-08-19 14:46:20] [D1_D3_DANN     ] [START       ] Starting D1_D3_DANN (D1 -> D3 DANN Adversarial Adaptation)...
[2026-08-19 14:46:20] [D1_D3_DANN     ] [DATA LOADING] Loading D1 source training set...
[2026-08-19 14:46:20] [D1_D3_DANN     ] [DATA PREP   ] Sampling 100,000 source & target rows for DANN...
[2026-08-19 14:46:21] [D1_D3_DANN     ] [DATA PREP   ] Fitting StandardScaler on source subset...
[2026-08-19 14:46:21] [D1_D3_DANN     ] [MODEL INIT  ] Initializing PyTorch DANN neural network model...
[2026-08-19 14:46:21] [D1_D3_DANN     ] [DATA PREP   ] Creating PyTorch FloatTensors...
[2026-08-19 14:47:24] [GLOBAL         ] [START       ] ================================================================================
[2026-08-19 14:47:24] [GLOBAL         ] [START       ] ARGUS PHASE 3: CROSS-DOMAIN ADAPTATION & EVALUATION
[2026-08-19 14:47:24] [GLOBAL         ] [START       ] ================================================================================
[2026-08-19 14:47:24] [GLOBAL         ] [DATA LOADING] Loading frozen Phase 2 D3 Target Matrices...
[2026-08-19 14:47:25] [GLOBAL         ] [DATA LOADING] D3 Target: Train=(2857812, 5), Test=(714453, 5), Adapt=(2286249, 5), Calib=(571563, 5)
[2026-08-19 14:47:25] [D1_D3_BASELINE ] [SKIPPING    ] Experiment D1_D3_BASELINE already completed. Loading saved artifacts...
[2026-08-19 14:47:25] [D2_D3_BASELINE ] [SKIPPING    ] Experiment D2_D3_BASELINE already completed. Loading saved artifacts...
[2026-08-19 14:47:26] [D1_D3_CORAL    ] [SKIPPING    ] Experiment D1_D3_CORAL already completed. Loading saved artifacts...
[2026-08-19 14:47:26] [D2_D3_CORAL    ] [SKIPPING    ] Experiment D2_D3_CORAL already completed. Loading saved artifacts...
[2026-08-19 14:47:26] [D1_D3_DANN     ] [START       ] Starting D1_D3_DANN (D1 -> D3 DANN Adversarial Adaptation)...
[2026-08-19 14:47:26] [D1_D3_DANN     ] [DATA LOADING] Loading D1 source training set...
[2026-08-19 14:47:26] [D1_D3_DANN     ] [DATA PREP   ] Sampling 100,000 source & target rows for DANN...
[2026-08-19 14:47:26] [D1_D3_DANN     ] [DATA PREP   ] Fitting StandardScaler on source subset...
[2026-08-19 14:47:26] [D1_D3_DANN     ] [MODEL INIT  ] Initializing PyTorch DANN neural network model...
[2026-08-19 14:47:27] [D1_D3_DANN     ] [DATA PREP   ] Creating PyTorch FloatTensors...
[2026-08-19 14:49:14] [GLOBAL         ] [START       ] ================================================================================
[2026-08-19 14:49:14] [GLOBAL         ] [START       ] ARGUS PHASE 3: CROSS-DOMAIN ADAPTATION & EVALUATION
[2026-08-19 14:49:14] [GLOBAL         ] [START       ] ================================================================================
[2026-08-19 14:49:14] [GLOBAL         ] [DATA LOADING] Loading frozen Phase 2 D3 Target Matrices...
[2026-08-19 14:49:16] [GLOBAL         ] [DATA LOADING] D3 Target: Train=(2857812, 5), Test=(714453, 5), Adapt=(2286249, 5), Calib=(571563, 5)
[2026-08-19 14:49:16] [D1_D3_BASELINE ] [SKIPPING    ] Experiment D1_D3_BASELINE already completed. Loading saved artifacts...
[2026-08-19 14:49:16] [D2_D3_BASELINE ] [SKIPPING    ] Experiment D2_D3_BASELINE already completed. Loading saved artifacts...
[2026-08-19 14:49:16] [D1_D3_CORAL    ] [SKIPPING    ] Experiment D1_D3_CORAL already completed. Loading saved artifacts...
[2026-08-19 14:49:16] [D2_D3_CORAL    ] [SKIPPING    ] Experiment D2_D3_CORAL already completed. Loading saved artifacts...
[2026-08-19 14:49:17] [D1_D3_DANN     ] [START       ] Starting D1_D3_DANN (D1 -> D3 DANN Adversarial Adaptation)...
[2026-08-19 14:49:17] [D1_D3_DANN     ] [DATA LOADING] Loading D1 source training set...
[2026-08-19 14:49:17] [D1_D3_DANN     ] [DATA PREP   ] Sampling 100,000 source & target rows for DANN...
[2026-08-19 14:49:17] [D1_D3_DANN     ] [DATA PREP   ] Fitting StandardScaler on source subset...
[2026-08-19 14:49:17] [D1_D3_DANN     ] [MODEL INIT  ] Initializing PyTorch DANN neural network model...
[2026-08-19 14:49:18] [D1_D3_DANN     ] [DATA PREP   ] Creating PyTorch FloatTensors...
[2026-08-19 14:50:16] [GLOBAL         ] [START       ] ================================================================================
[2026-08-19 14:50:16] [GLOBAL         ] [START       ] ARGUS PHASE 3: CROSS-DOMAIN ADAPTATION & EVALUATION
[2026-08-19 14:50:16] [GLOBAL         ] [START       ] ================================================================================
[2026-08-19 14:50:16] [GLOBAL         ] [DATA LOADING] Loading frozen Phase 2 D3 Target Matrices...
[2026-08-19 14:50:18] [GLOBAL         ] [DATA LOADING] D3 Target: Train=(2857812, 5), Test=(714453, 5), Adapt=(2286249, 5), Calib=(571563, 5)
[2026-08-19 14:50:18] [D1_D3_BASELINE ] [SKIPPING    ] Experiment D1_D3_BASELINE already completed. Loading saved artifacts...
[2026-08-19 14:50:18] [D2_D3_BASELINE ] [SKIPPING    ] Experiment D2_D3_BASELINE already completed. Loading saved artifacts...
[2026-08-19 14:50:18] [D1_D3_CORAL    ] [SKIPPING    ] Experiment D1_D3_CORAL already completed. Loading saved artifacts...
[2026-08-19 14:50:18] [D2_D3_CORAL    ] [SKIPPING    ] Experiment D2_D3_CORAL already completed. Loading saved artifacts...
[2026-08-19 14:50:19] [D1_D3_DANN     ] [START       ] Starting D1_D3_DANN (D1 -> D3 DANN Adversarial Adaptation)...
[2026-08-19 14:50:19] [D1_D3_DANN     ] [DATA LOADING] Loading D1 source training set...
[2026-08-19 14:50:19] [D1_D3_DANN     ] [DATA PREP   ] Sampling 100,000 source & target rows for DANN...
[2026-08-19 14:50:19] [D1_D3_DANN     ] [DATA PREP   ] Fitting StandardScaler on source subset...
[2026-08-19 14:50:19] [D1_D3_DANN     ] [MODEL INIT  ] Initializing PyTorch DANN neural network model...
[2026-08-19 14:50:19] [D1_D3_DANN     ] [DATA PREP   ] Creating PyTorch FloatTensors...
[2026-08-19 14:50:19] [D1_D3_DANN     ] [TRAINING    ] Training DANN MLP for 10 epochs on PyTorch (cpu)...
[2026-08-19 14:50:56] [GLOBAL         ] [START       ] ================================================================================
[2026-08-19 14:50:56] [GLOBAL         ] [START       ] ARGUS PHASE 3: CROSS-DOMAIN ADAPTATION & EVALUATION
[2026-08-19 14:50:56] [GLOBAL         ] [START       ] ================================================================================
[2026-08-19 14:50:56] [GLOBAL         ] [DATA LOADING] Loading frozen Phase 2 D3 Target Matrices...
[2026-08-19 14:50:57] [GLOBAL         ] [DATA LOADING] D3 Target: Train=(2857812, 5), Test=(714453, 5), Adapt=(2286249, 5), Calib=(571563, 5)
[2026-08-19 14:50:57] [D1_D3_BASELINE ] [SKIPPING    ] Experiment D1_D3_BASELINE already completed. Loading saved artifacts...
[2026-08-19 14:50:58] [D2_D3_BASELINE ] [SKIPPING    ] Experiment D2_D3_BASELINE already completed. Loading saved artifacts...
[2026-08-19 14:50:58] [D1_D3_CORAL    ] [SKIPPING    ] Experiment D1_D3_CORAL already completed. Loading saved artifacts...
[2026-08-19 14:50:58] [D2_D3_CORAL    ] [SKIPPING    ] Experiment D2_D3_CORAL already completed. Loading saved artifacts...
[2026-08-19 14:50:58] [D1_D3_DANN     ] [START       ] Starting D1_D3_DANN (D1 -> D3 DANN Adversarial Adaptation)...
[2026-08-19 14:50:58] [D1_D3_DANN     ] [DATA LOADING] Loading D1 source training set...
[2026-08-19 14:50:58] [D1_D3_DANN     ] [DATA PREP   ] Sampling 100,000 source & target rows for DANN...
[2026-08-19 14:50:58] [D1_D3_DANN     ] [DATA PREP   ] Fitting StandardScaler on source subset...
[2026-08-19 14:50:58] [D1_D3_DANN     ] [MODEL INIT  ] Initializing PyTorch DANN neural network model...
[2026-08-19 14:50:59] [D1_D3_DANN     ] [DATA PREP   ] Creating PyTorch FloatTensors...
[2026-08-19 14:50:59] [D1_D3_DANN     ] [TRAINING    ] Training DANN MLP for 10 epochs on PyTorch (cpu)...
[2026-08-19 14:55:58] [GLOBAL         ] [START       ] ================================================================================
[2026-08-19 14:55:58] [GLOBAL         ] [START       ] ARGUS PHASE 3: CROSS-DOMAIN ADAPTATION & EVALUATION
[2026-08-19 14:55:58] [GLOBAL         ] [START       ] ================================================================================
[2026-08-19 14:55:58] [GLOBAL         ] [DATA LOADING] Loading frozen Phase 2 D3 Target Matrices...
[2026-08-19 14:56:00] [GLOBAL         ] [DATA LOADING] D3 Target: Train=(2857812, 5), Test=(714453, 5), Adapt=(2286249, 5), Calib=(571563, 5)
[2026-08-19 14:56:00] [D1_D3_BASELINE ] [SKIPPING    ] Experiment D1_D3_BASELINE already completed. Loading saved artifacts...
[2026-08-19 14:56:00] [D2_D3_BASELINE ] [SKIPPING    ] Experiment D2_D3_BASELINE already completed. Loading saved artifacts...
[2026-08-19 14:56:00] [D1_D3_CORAL    ] [SKIPPING    ] Experiment D1_D3_CORAL already completed. Loading saved artifacts...
[2026-08-19 14:56:00] [D2_D3_CORAL    ] [SKIPPING    ] Experiment D2_D3_CORAL already completed. Loading saved artifacts...
[2026-08-19 14:56:01] [D1_D3_DANN     ] [START       ] Starting D1_D3_DANN (D1 -> D3 DANN Adversarial Adaptation)...
[2026-08-19 14:56:01] [D1_D3_DANN     ] [DATA LOADING] Loading D1 source training set...
[2026-08-19 14:56:01] [D1_D3_DANN     ] [DATA PREP   ] Sampling 100,000 source & target rows for DANN...
[2026-08-19 14:56:01] [D1_D3_DANN     ] [DATA PREP   ] Fitting StandardScaler on source subset...
[2026-08-19 14:56:01] [D1_D3_DANN     ] [MODEL INIT  ] Initializing PyTorch DANN neural network model...
[2026-08-19 14:56:02] [D1_D3_DANN     ] [DATA PREP   ] Creating PyTorch FloatTensors...
[2026-08-19 14:56:02] [D1_D3_DANN     ] [TRAINING    ] Training DANN MLP for 10 epochs on PyTorch (cpu)...
[2026-08-19 15:00:15] [GLOBAL         ] [START       ] ================================================================================
[2026-08-19 15:00:15] [GLOBAL         ] [START       ] ARGUS PHASE 3: CROSS-DOMAIN ADAPTATION & EVALUATION
[2026-08-19 15:00:15] [GLOBAL         ] [START       ] ================================================================================
[2026-08-19 15:00:15] [GLOBAL         ] [DATA LOADING] Loading frozen Phase 2 D3 Target Matrices...
[2026-08-19 15:00:17] [GLOBAL         ] [DATA LOADING] D3 Target: Train=(2857812, 5), Test=(714453, 5), Adapt=(2286249, 5), Calib=(571563, 5)
[2026-08-19 15:00:17] [D1_D3_BASELINE ] [SKIPPING    ] Experiment D1_D3_BASELINE already completed. Loading saved artifacts...
[2026-08-19 15:00:17] [D2_D3_BASELINE ] [SKIPPING    ] Experiment D2_D3_BASELINE already completed. Loading saved artifacts...
[2026-08-19 15:00:17] [D1_D3_CORAL    ] [SKIPPING    ] Experiment D1_D3_CORAL already completed. Loading saved artifacts...
[2026-08-19 15:00:17] [D2_D3_CORAL    ] [SKIPPING    ] Experiment D2_D3_CORAL already completed. Loading saved artifacts...
[2026-08-19 15:00:18] [D1_D3_DANN     ] [START       ] Starting D1_D3_DANN (D1 -> D3 DANN Adversarial Adaptation)...
[2026-08-19 15:00:18] [D1_D3_DANN     ] [DATA LOADING] Loading D1 source training set...
[2026-08-19 15:00:18] [D1_D3_DANN     ] [DATA PREP   ] Sampling 100,000 source & target rows for DANN...
[2026-08-19 15:00:18] [D1_D3_DANN     ] [DATA PREP   ] Fitting StandardScaler on source subset...
[2026-08-19 15:00:18] [D1_D3_DANN     ] [MODEL INIT  ] Initializing PyTorch DANN neural network model...
[2026-08-19 15:00:19] [D1_D3_DANN     ] [DATA PREP   ] Creating PyTorch FloatTensors...
[2026-08-19 15:00:19] [D1_D3_DANN     ] [TRAINING    ] Training DANN MLP for 10 epochs on PyTorch (cpu)...
[2026-08-19 15:01:58] [GLOBAL         ] [START       ] ================================================================================
[2026-08-19 15:01:58] [GLOBAL         ] [START       ] ARGUS PHASE 3: CROSS-DOMAIN ADAPTATION & EVALUATION
[2026-08-19 15:01:58] [GLOBAL         ] [START       ] ================================================================================
[2026-08-19 15:01:58] [GLOBAL         ] [DATA LOADING] Loading frozen Phase 2 D3 Target Matrices...
[2026-08-19 15:02:00] [GLOBAL         ] [DATA LOADING] D3 Target: Train=(2857812, 5), Test=(714453, 5), Adapt=(2286249, 5), Calib=(571563, 5)
[2026-08-19 15:02:00] [D1_D3_BASELINE ] [SKIPPING    ] Experiment D1_D3_BASELINE already completed. Loading saved artifacts...
[2026-08-19 15:02:00] [D2_D3_BASELINE ] [SKIPPING    ] Experiment D2_D3_BASELINE already completed. Loading saved artifacts...
[2026-08-19 15:02:00] [D1_D3_CORAL    ] [SKIPPING    ] Experiment D1_D3_CORAL already completed. Loading saved artifacts...
[2026-08-19 15:02:00] [D2_D3_CORAL    ] [SKIPPING    ] Experiment D2_D3_CORAL already completed. Loading saved artifacts...
[2026-08-19 15:02:01] [D1_D3_DANN     ] [START       ] Starting D1_D3_DANN (D1 -> D3 DANN Adversarial Adaptation)...
[2026-08-19 15:02:01] [D1_D3_DANN     ] [DATA LOADING] Loading D1 source training set...
[2026-08-19 15:02:01] [D1_D3_DANN     ] [DATA PREP   ] Sampling 100,000 source & target rows for DANN...
[2026-08-19 15:02:01] [D1_D3_DANN     ] [DATA PREP   ] Fitting StandardScaler on source subset...
[2026-08-19 15:02:01] [D1_D3_DANN     ] [MODEL INIT  ] Initializing PyTorch DANN neural network model...
[2026-08-19 15:02:02] [D1_D3_DANN     ] [DATA PREP   ] Creating PyTorch FloatTensors...
[2026-08-19 15:02:02] [D1_D3_DANN     ] [TRAINING    ] Training DANN MLP for 10 epochs on PyTorch (cpu)...
[2026-08-19 15:05:42] [GLOBAL         ] [START       ] ================================================================================
[2026-08-19 15:05:42] [GLOBAL         ] [START       ] ARGUS PHASE 3: CROSS-DOMAIN ADAPTATION & EVALUATION
[2026-08-19 15:05:42] [GLOBAL         ] [START       ] ================================================================================
[2026-08-19 15:05:42] [GLOBAL         ] [DATA LOADING] Loading frozen Phase 2 D3 Target Matrices...
[2026-08-19 15:05:44] [GLOBAL         ] [DATA LOADING] D3 Target: Train=(2857812, 5), Test=(714453, 5), Adapt=(2286249, 5), Calib=(571563, 5)
[2026-08-19 15:05:44] [D1_D3_BASELINE ] [SKIPPING    ] Experiment D1_D3_BASELINE already completed. Loading saved artifacts...
[2026-08-19 15:05:44] [D2_D3_BASELINE ] [SKIPPING    ] Experiment D2_D3_BASELINE already completed. Loading saved artifacts...
[2026-08-19 15:05:44] [D1_D3_CORAL    ] [SKIPPING    ] Experiment D1_D3_CORAL already completed. Loading saved artifacts...
[2026-08-19 15:05:44] [D2_D3_CORAL    ] [SKIPPING    ] Experiment D2_D3_CORAL already completed. Loading saved artifacts...
[2026-08-19 15:05:45] [D1_D3_DANN     ] [START       ] Starting D1_D3_DANN (D1 -> D3 DANN Adversarial Adaptation)...
[2026-08-19 15:05:45] [D1_D3_DANN     ] [DATA LOADING] Loading D1 source training set...
[2026-08-19 15:05:45] [D1_D3_DANN     ] [DATA PREP   ] Sampling 100,000 source & target rows for DANN...
[2026-08-19 15:05:45] [D1_D3_DANN     ] [DATA PREP   ] Fitting StandardScaler on source subset...
[2026-08-19 15:05:45] [D1_D3_DANN     ] [MODEL INIT  ] Initializing PyTorch DANN neural network model...
[2026-08-19 15:05:45] [D1_D3_DANN     ] [DATA PREP   ] Creating PyTorch FloatTensors...
[2026-08-19 15:05:45] [D1_D3_DANN     ] [TRAINING    ] Training DANN MLP for 10 epochs on PyTorch (cpu)...
[2026-08-19 15:07:31] [GLOBAL         ] [START       ] ================================================================================
[2026-08-19 15:07:31] [GLOBAL         ] [START       ] ARGUS PHASE 3: CROSS-DOMAIN ADAPTATION & EVALUATION
[2026-08-19 15:07:31] [GLOBAL         ] [START       ] ================================================================================
[2026-08-19 15:07:31] [GLOBAL         ] [DATA LOADING] Loading frozen Phase 2 D3 Target Matrices...
[2026-08-19 15:07:32] [GLOBAL         ] [DATA LOADING] D3 Target: Train=(2857812, 5), Test=(714453, 5), Adapt=(2286249, 5), Calib=(571563, 5)
[2026-08-19 15:07:32] [D1_D3_BASELINE ] [SKIPPING    ] Experiment D1_D3_BASELINE already completed. Loading saved artifacts...
[2026-08-19 15:07:33] [D2_D3_BASELINE ] [SKIPPING    ] Experiment D2_D3_BASELINE already completed. Loading saved artifacts...
[2026-08-19 15:07:33] [D1_D3_CORAL    ] [SKIPPING    ] Experiment D1_D3_CORAL already completed. Loading saved artifacts...
[2026-08-19 15:07:33] [D2_D3_CORAL    ] [SKIPPING    ] Experiment D2_D3_CORAL already completed. Loading saved artifacts...
[2026-08-19 15:07:33] [D1_D3_DANN     ] [START       ] Starting D1_D3_DANN (D1 -> D3 DANN Adversarial Adaptation)...
[2026-08-19 15:07:33] [D1_D3_DANN     ] [DATA LOADING] Loading D1 source training set...
[2026-08-19 15:07:33] [D1_D3_DANN     ] [DATA PREP   ] Sampling 100,000 source & target rows for DANN...
[2026-08-19 15:07:33] [D1_D3_DANN     ] [DATA PREP   ] Fitting StandardScaler on source subset...
[2026-08-19 15:07:33] [D1_D3_DANN     ] [MODEL INIT  ] Initializing PyTorch DANN neural network model...
[2026-08-19 15:07:34] [D1_D3_DANN     ] [DATA PREP   ] Creating PyTorch FloatTensors...
[2026-08-19 15:07:34] [D1_D3_DANN     ] [TRAINING    ] Training DANN MLP for 10 epochs on PyTorch (cpu)...
[2026-08-19 15:09:09] [GLOBAL         ] [START       ] ================================================================================
[2026-08-19 15:09:09] [GLOBAL         ] [START       ] ARGUS PHASE 3: CROSS-DOMAIN ADAPTATION & EVALUATION
[2026-08-19 15:09:09] [GLOBAL         ] [START       ] ================================================================================
[2026-08-19 15:09:09] [GLOBAL         ] [DATA LOADING] Loading frozen Phase 2 D3 Target Matrices...
[2026-08-19 15:09:10] [GLOBAL         ] [DATA LOADING] D3 Target: Train=(2857812, 5), Test=(714453, 5), Adapt=(2286249, 5), Calib=(571563, 5)
[2026-08-19 15:09:10] [D1_D3_BASELINE ] [SKIPPING    ] Experiment D1_D3_BASELINE already completed. Loading saved artifacts...
[2026-08-19 15:09:10] [D2_D3_BASELINE ] [SKIPPING    ] Experiment D2_D3_BASELINE already completed. Loading saved artifacts...
[2026-08-19 15:09:11] [D1_D3_CORAL    ] [SKIPPING    ] Experiment D1_D3_CORAL already completed. Loading saved artifacts...
[2026-08-19 15:09:11] [D2_D3_CORAL    ] [SKIPPING    ] Experiment D2_D3_CORAL already completed. Loading saved artifacts...
[2026-08-19 15:09:11] [D1_D3_DANN     ] [START       ] Starting D1_D3_DANN (D1 -> D3 DANN Adversarial Adaptation)...
[2026-08-19 15:09:11] [D1_D3_DANN     ] [DATA LOADING] Loading D1 source training set...
[2026-08-19 15:09:11] [D1_D3_DANN     ] [DATA PREP   ] Sampling 100,000 source & target rows for DANN...
[2026-08-19 15:09:11] [D1_D3_DANN     ] [DATA PREP   ] Fitting StandardScaler on source subset...
[2026-08-19 15:09:11] [D1_D3_DANN     ] [MODEL INIT  ] Initializing PyTorch DANN neural network model...
[2026-08-19 15:09:12] [D1_D3_DANN     ] [DATA PREP   ] Creating PyTorch FloatTensors...
[2026-08-19 15:09:12] [D1_D3_DANN     ] [TRAINING    ] Training DANN MLP for 10 epochs on PyTorch (cpu)...
[2026-08-19 15:15:19] [GLOBAL         ] [START       ] ================================================================================
[2026-08-19 15:15:19] [GLOBAL         ] [START       ] ARGUS PHASE 3: CROSS-DOMAIN ADAPTATION & EVALUATION
[2026-08-19 15:15:19] [GLOBAL         ] [START       ] ================================================================================
[2026-08-19 15:15:19] [GLOBAL         ] [DATA LOADING] Loading frozen Phase 2 D3 Target Matrices...
[2026-08-19 15:15:21] [GLOBAL         ] [DATA LOADING] D3 Target: Train=(2857812, 5), Test=(714453, 5), Adapt=(2286249, 5), Calib=(571563, 5)
[2026-08-19 15:15:21] [D1_D3_BASELINE ] [SKIPPING    ] Experiment D1_D3_BASELINE already completed. Loading saved artifacts...
[2026-08-19 15:15:21] [D2_D3_BASELINE ] [SKIPPING    ] Experiment D2_D3_BASELINE already completed. Loading saved artifacts...
[2026-08-19 15:15:21] [D1_D3_CORAL    ] [SKIPPING    ] Experiment D1_D3_CORAL already completed. Loading saved artifacts...
[2026-08-19 15:15:21] [D2_D3_CORAL    ] [SKIPPING    ] Experiment D2_D3_CORAL already completed. Loading saved artifacts...
[2026-08-19 15:15:21] [D1_D3_DANN     ] [START       ] Starting D1_D3_DANN (D1 -> D3 DANN Adversarial Adaptation)...
[2026-08-19 15:15:21] [D1_D3_DANN     ] [DATA LOADING] Loading D1 source training set...
[2026-08-19 15:15:22] [D1_D3_DANN     ] [DATA PREP   ] Sampling 100,000 source & target rows for DANN...
[2026-08-19 15:15:22] [D1_D3_DANN     ] [DATA PREP   ] Fitting StandardScaler on source subset...
[2026-08-19 15:15:22] [D1_D3_DANN     ] [MODEL INIT  ] Initializing PyTorch DANN neural network model...
[2026-08-19 15:15:22] [D1_D3_DANN     ] [DATA PREP   ] Creating PyTorch FloatTensors...
[2026-08-19 15:15:22] [D1_D3_DANN     ] [TRAINING    ] Training DANN MLP for 10 epochs on PyTorch (cpu)...
[2026-08-19 15:16:40] [GLOBAL         ] [START       ] ================================================================================
[2026-08-19 15:16:40] [GLOBAL         ] [START       ] ARGUS PHASE 3: CROSS-DOMAIN ADAPTATION & EVALUATION
[2026-08-19 15:16:40] [GLOBAL         ] [START       ] ================================================================================
[2026-08-19 15:16:40] [GLOBAL         ] [DATA LOADING] Loading frozen Phase 2 D3 Target Matrices...
[2026-08-19 15:16:41] [GLOBAL         ] [DATA LOADING] D3 Target: Train=(2857812, 5), Test=(714453, 5), Adapt=(2286249, 5), Calib=(571563, 5)
[2026-08-19 15:16:41] [D1_D3_BASELINE ] [SKIPPING    ] Experiment D1_D3_BASELINE already completed. Loading saved artifacts...
[2026-08-19 15:16:42] [D2_D3_BASELINE ] [SKIPPING    ] Experiment D2_D3_BASELINE already completed. Loading saved artifacts...
[2026-08-19 15:16:42] [D1_D3_CORAL    ] [SKIPPING    ] Experiment D1_D3_CORAL already completed. Loading saved artifacts...
[2026-08-19 15:16:42] [D2_D3_CORAL    ] [SKIPPING    ] Experiment D2_D3_CORAL already completed. Loading saved artifacts...
[2026-08-19 15:16:42] [D1_D3_DANN     ] [START       ] Starting D1_D3_DANN (D1 -> D3 DANN Adversarial Adaptation)...
[2026-08-19 15:16:42] [D1_D3_DANN     ] [DATA LOADING] Loading D1 source training set...
[2026-08-19 15:16:42] [D1_D3_DANN     ] [DATA PREP   ] Sampling 100,000 source & target rows for DANN...
[2026-08-19 15:16:42] [D1_D3_DANN     ] [DATA PREP   ] Fitting StandardScaler on source subset...
[2026-08-19 15:16:42] [D1_D3_DANN     ] [MODEL INIT  ] Initializing PyTorch DANN neural network model...
[2026-08-19 15:16:43] [D1_D3_DANN     ] [DATA PREP   ] Creating PyTorch FloatTensors...
[2026-08-19 15:16:43] [D1_D3_DANN     ] [TRAINING    ] Training DANN MLP for 10 epochs on PyTorch (cpu)...
[2026-08-19 15:16:43] [D1_D3_DANN     ] [TRAINING    ] Epoch [01/10] Class Loss: 0.1960 | Domain Loss: 1.3379
[2026-08-19 15:16:44] [D1_D3_DANN     ] [TRAINING    ] Epoch [02/10] Class Loss: 0.0533 | Domain Loss: 1.3018
[2026-08-19 15:16:44] [D1_D3_DANN     ] [TRAINING    ] Epoch [03/10] Class Loss: 0.0550 | Domain Loss: 1.3355
[2026-08-19 15:16:45] [D1_D3_DANN     ] [TRAINING    ] Epoch [04/10] Class Loss: 0.0597 | Domain Loss: 1.3423
[2026-08-19 15:16:45] [D1_D3_DANN     ] [TRAINING    ] Epoch [05/10] Class Loss: 0.0585 | Domain Loss: 1.3889
[2026-08-19 15:16:45] [D1_D3_DANN     ] [TRAINING    ] Epoch [06/10] Class Loss: 0.0569 | Domain Loss: 1.3517
[2026-08-19 15:16:46] [D1_D3_DANN     ] [TRAINING    ] Epoch [07/10] Class Loss: 0.0621 | Domain Loss: 1.3331
[2026-08-19 15:16:46] [D1_D3_DANN     ] [TRAINING    ] Epoch [08/10] Class Loss: 0.0567 | Domain Loss: 1.3825
[2026-08-19 15:16:46] [D1_D3_DANN     ] [TRAINING    ] Epoch [09/10] Class Loss: 0.0526 | Domain Loss: 1.3955
[2026-08-19 15:16:47] [D1_D3_DANN     ] [TRAINING    ] Epoch [10/10] Class Loss: 0.0546 | Domain Loss: 1.3421
[2026-08-19 15:16:47] [D1_D3_DANN     ] [EVALUATION  ] Evaluating DANN on D3 calibration & test sets...
[2026-08-19 15:16:47] [D1_D3_DANN     ] [CALIBRATION ] Optimizing decision threshold on D3 calibration set...
[2026-08-19 15:16:53] [D1_D3_DANN     ] [SAVING      ] Artifacts successfully saved for D1_D3_DANN
[2026-08-19 15:16:53] [D1_D3_DANN     ] [COMPLETE    ] Completed D1_D3_DANN. Uncalib F1=0.3724, Calib (θ*=0.92) F1=0.3726
[2026-08-19 15:16:53] [D2_D3_DANN     ] [START       ] Starting D2_D3_DANN (D2 -> D3 DANN Adversarial Adaptation)...
[2026-08-19 15:16:53] [D2_D3_DANN     ] [DATA LOADING] Loading D2 source training set...
[2026-08-19 15:16:53] [D2_D3_DANN     ] [TRAINING    ] Training DANN MLP for 10 epochs on PyTorch (cpu)...
[2026-08-19 15:16:53] [D2_D3_DANN     ] [TRAINING    ] Epoch [01/10] Class Loss: 0.4804 | Domain Loss: 1.3274
[2026-08-19 15:16:54] [D2_D3_DANN     ] [TRAINING    ] Epoch [02/10] Class Loss: 0.3923 | Domain Loss: 1.2993
[2026-08-19 15:16:54] [D2_D3_DANN     ] [TRAINING    ] Epoch [03/10] Class Loss: 0.3697 | Domain Loss: 1.3129
[2026-08-19 15:16:55] [D2_D3_DANN     ] [TRAINING    ] Epoch [04/10] Class Loss: 0.3676 | Domain Loss: 1.3074
[2026-08-19 15:16:55] [D2_D3_DANN     ] [TRAINING    ] Epoch [05/10] Class Loss: 0.3508 | Domain Loss: 1.3173
[2026-08-19 15:16:55] [D2_D3_DANN     ] [TRAINING    ] Epoch [06/10] Class Loss: 0.3624 | Domain Loss: 1.3066
[2026-08-19 15:16:56] [D2_D3_DANN     ] [TRAINING    ] Epoch [07/10] Class Loss: 0.3508 | Domain Loss: 1.3395
[2026-08-19 15:16:56] [D2_D3_DANN     ] [TRAINING    ] Epoch [08/10] Class Loss: 0.3369 | Domain Loss: 1.3629
[2026-08-19 15:16:56] [D2_D3_DANN     ] [TRAINING    ] Epoch [09/10] Class Loss: 0.3230 | Domain Loss: 1.3507
[2026-08-19 15:16:57] [D2_D3_DANN     ] [TRAINING    ] Epoch [10/10] Class Loss: 0.3083 | Domain Loss: 1.3402
[2026-08-19 15:16:57] [D2_D3_DANN     ] [EVALUATION  ] Evaluating DANN on D3 calibration & test sets...
[2026-08-19 15:16:57] [D2_D3_DANN     ] [CALIBRATION ] Optimizing decision threshold on D3 calibration set...
[2026-08-19 15:17:03] [D2_D3_DANN     ] [SAVING      ] Artifacts successfully saved for D2_D3_DANN
[2026-08-19 15:17:03] [D2_D3_DANN     ] [COMPLETE    ] Completed D2_D3_DANN. Uncalib F1=0.1309, Calib (θ*=0.42) F1=0.3762
[2026-08-19 15:17:03] [ABLATION       ] [START       ] Running 3-Feature Ablation Studies...
[2026-08-19 15:17:34] [ABLATION       ] [COMPLETE    ] Ablation setting: Full 4-Feature (ARGUS)                   -> F1=0.3724, MCC=0.0650
[2026-08-19 15:18:02] [ABLATION       ] [COMPLETE    ] Ablation setting: Without TCP Flag Multiplicity (3-Feat)   -> F1=0.3724, MCC=0.0652
[2026-08-19 15:18:31] [ABLATION       ] [COMPLETE    ] Ablation setting: Without pkt_mean_to_max (3-Feat)         -> F1=0.3728, MCC=0.0678
[2026-08-19 15:19:00] [ABLATION       ] [COMPLETE    ] Ablation setting: Without log_pkt_mean (3-Feat)            -> F1=0.3724, MCC=0.0652
[2026-08-19 15:19:29] [ABLATION       ] [COMPLETE    ] Ablation setting: Without log_pkt_max (3-Feat)             -> F1=0.3724, MCC=0.0652
[2026-08-19 15:19:29] [SHAP           ] [START       ] Running TreeSHAP Feature Explainability Analysis...
[2026-08-19 15:19:30] [SHAP           ] [COMPLETE    ] SHAP Feature Importance calculated successfully.
[2026-08-19 15:19:30] [PLOTS          ] [START       ] Generating Publication Figures...
[2026-08-19 15:19:33] [PLOTS          ] [COMPLETE    ] Publication figures generated.
[2026-08-19 15:19:33] [EXCEL          ] [START       ] Building Master Excel Workbook: ARGUS_Phase3_Results.xlsx (12 Sheets)...
[2026-08-19 15:19:33] [EXCEL          ] [COMPLETE    ] Master Excel Workbook saved.
[2026-08-19 15:19:33] [ZIP            ] [START       ] Creating final Phase 3 ZIP package...
[2026-08-19 15:19:34] [ZIP            ] [COMPLETE    ] Final ZIP package saved to: /Users/tirthkosambia/Documents/ARGUS/phase3_results/ARGUS_Phase3_Artifacts.zip (6.26 MB)
[2026-08-19 15:19:34] [REPORT         ] [START       ] Generating Comprehensive Final Markdown Report...
[2026-08-19 15:19:34] [REPORT         ] [COMPLETE    ] Final Markdown report written to: /Users/tirthkosambia/Documents/ARGUS/phase3_results/ARGUS_Phase3_Final_Report.md
[2026-08-19 15:19:34] [GLOBAL         ] [COMPLETE    ] ================================================================================
[2026-08-19 15:19:34] [GLOBAL         ] [COMPLETE    ] ARGUS PHASE 3 EXECUTION FULLY COMPLETED IN 174.7s (2.91 min).
[2026-08-19 15:19:34] [GLOBAL         ] [COMPLETE    ] ================================================================================
